\BOOKMARK [1][-]{section.1}{Introduction}{}% 1
\BOOKMARK [1][-]{section.2}{Related work}{}% 2
\BOOKMARK [2][-]{subsection.2.1}{Structured reverse engineering from 3D observations}{section.2}% 3
\BOOKMARK [2][-]{subsection.2.2}{Language models for programmatic 3D construction}{section.2}% 4
\BOOKMARK [2][-]{subsection.2.3}{Long-horizon tool-using agents}{section.2}% 5
\BOOKMARK [1][-]{section.3}{Method}{}% 6
\BOOKMARK [2][-]{subsection.3.1}{Evidence and persistent target state}{section.3}% 7
\BOOKMARK [2][-]{subsection.3.2}{Division of labor between model and deterministic geometry tools}{section.3}% 8
\BOOKMARK [2][-]{subsection.3.3}{Persistent reconstruction loop}{section.3}% 9
\BOOKMARK [2][-]{subsection.3.4}{Worked trace: changing the representation in B23}{section.3}% 10
\BOOKMARK [1][-]{section.4}{Study design}{}% 11
\BOOKMARK [2][-]{subsection.4.1}{Sequential reconstruction record}{section.4}% 12
\BOOKMARK [2][-]{subsection.4.2}{Evidence used in the analysis}{section.4}% 13
\BOOKMARK [1][-]{section.5}{Results}{}% 14
\BOOKMARK [2][-]{subsection.5.1}{The reconstruction loop broadens beyond local fitting}{section.5}% 15
\BOOKMARK [2][-]{subsection.5.2}{Three transitions explain why the reconstruction loop broadens}{section.5}% 16
\BOOKMARK [3][-]{subsubsection.5.2.1}{From fitting geometry to defining reusable scope}{subsection.5.2}% 17
\BOOKMARK [3][-]{subsubsection.5.2.2}{From object geometry to connected representations}{subsection.5.2}% 18
\BOOKMARK [3][-]{subsubsection.5.2.3}{From scheduled additions to gap-driven, state-constrained closure}{subsection.5.2}% 19
\BOOKMARK [2][-]{subsection.5.3}{Persistent external state composes local solutions and propagates abstraction errors}{section.5}% 20
\BOOKMARK [1][-]{section.6}{Discussion}{}% 21
\BOOKMARK [2][-]{subsection.6.1}{What the general-purpose model contributes}{section.6}% 22
\BOOKMARK [2][-]{subsection.6.2}{Why explicit tools and validation are part of the method}{section.6}% 23
\BOOKMARK [2][-]{subsection.6.3}{Persistent state changes capability and risk}{section.6}% 24
\BOOKMARK [2][-]{subsection.6.4}{Limitations and threats to validity}{section.6}% 25
\BOOKMARK [2][-]{subsection.6.5}{Controlled follow-up experiments}{section.6}% 26
\BOOKMARK [1][-]{section.7}{Conclusion}{}% 27
