\BOOKMARK [1][-]{section.1}{Introduction}{}% 1
\BOOKMARK [2][-]{subsection.1.1}{Research\040questions}{section.1}% 2
\BOOKMARK [2][-]{subsection.1.2}{Contributions}{section.1}% 3
\BOOKMARK [1][-]{section.2}{Related\040Work}{}% 4
\BOOKMARK [1][-]{section.3}{Problem\040Formulation}{}% 5
\BOOKMARK [1][-]{section.4}{Study\040Materials\040and\040Provenance}{}% 6
\BOOKMARK [2][-]{subsection.4.1}{Evidence\040sources}{section.4}% 7
\BOOKMARK [2][-]{subsection.4.2}{Version\040boundary}{section.4}% 8
\BOOKMARK [1][-]{section.5}{AstraBuild\040Method}{}% 9
\BOOKMARK [2][-]{subsection.5.1}{Evidence\040compiler}{section.5}% 10
\BOOKMARK [2][-]{subsection.5.2}{Asset–installation separation}{section.5}% 11
\BOOKMARK [2][-]{subsection.5.3}{Reusable\040masters\040and\040site\040instances}{section.5}% 12
\BOOKMARK [2][-]{subsection.5.4}{Immutable\040batch\040memory}{section.5}% 13
\BOOKMARK [2][-]{subsection.5.5}{Worked example: B32 as an observable agent–tool trace}{section.5}% 14
\BOOKMARK [2][-]{subsection.5.6}{Historical\040review\040protocol\040across\040device\040cases}{section.5}% 15
\BOOKMARK [2][-]{subsection.5.7}{Generalizing\040from\040B32:\040canonical\040reconstruction\040loop\040and\040task-specific\040operators}{section.5}% 16
\BOOKMARK [2][-]{subsection.5.8}{Intermediate\040process\040evidence}{section.5}% 17
\BOOKMARK [2][-]{subsection.5.9}{Layered\040verifier}{section.5}% 18
\BOOKMARK [1][-]{section.6}{Experimental\040Design\040and\040Metrics}{}% 19
\BOOKMARK [2][-]{subsection.6.1}{Reference-surface\040residual}{section.6}% 20
\BOOKMARK [2][-]{subsection.6.2}{Five-centimeter\040screen}{section.6}% 21
\BOOKMARK [2][-]{subsection.6.3}{Coverage-gap\040fraction}{section.6}% 22
\BOOKMARK [2][-]{subsection.6.4}{Reuse\040ratio}{section.6}% 23
\BOOKMARK [1][-]{section.7}{Results}{}% 24
\BOOKMARK [2][-]{subsection.7.1}{RQ1:\040structured\040scene\040and\040reuse}{section.7}% 25
\BOOKMARK [2][-]{subsection.7.2}{RQ2:\040reference\040agreement\040with\040explicit\040non-passing\040evidence}{section.7}% 26
\BOOKMARK [2][-]{subsection.7.3}{RQ3:\040coverage-driven\040completion}{section.7}% 27
\BOOKMARK [2][-]{subsection.7.4}{RQ1/RQ5:\040geometry\040structure\040and\040semantic\040accounting}{section.7}% 28
\BOOKMARK [1][-]{section.8}{Failure\040and\040Recovery\040Studies}{}% 29
\BOOKMARK [2][-]{subsection.8.1}{B01\040\040B02:\040the\040verifier\040changes\040the\040metric\040protocol}{section.8}% 30
\BOOKMARK [2][-]{subsection.8.2}{B15:\040abstraction\040boundary\040failure}{section.8}% 31
\BOOKMARK [2][-]{subsection.8.3}{B23:\040process\040evidence\040changes\040the\040representation}{section.8}% 32
\BOOKMARK [2][-]{subsection.8.4}{B36:\040human\040review\040finds\040omitted\040geometry}{section.8}% 33
\BOOKMARK [2][-]{subsection.8.5}{D38:\040markup-to-model\040correction}{section.8}% 34
\BOOKMARK [1][-]{section.9}{Inspection\040Semantics\040and\040D41}{}% 35
\BOOKMARK [1][-]{section.10}{Discussion}{}% 36
\BOOKMARK [1][-]{section.11}{Limitations\040and\040Threats\040to\040Validity}{}% 37
\BOOKMARK [1][-]{section.12}{Conclusion}{}% 38
\BOOKMARK [1][-]{appendix.A}{Version\040Boundary}{}% 39
\BOOKMARK [1][-]{appendix.B}{Validation\040Taxonomy}{}% 40
\BOOKMARK [1][-]{appendix.C}{Claim\040Guardrails}{}% 41
